current directory: /Users/gabrielcaixeta/Developer/CAMAAR/vendor/bundle/ruby/3.2.0/gems/json-2.17.1/ext/json/ext/parser
/Users/gabrielcaixeta/.rbenv/versions/3.2.2/bin/ruby extconf.rb
checking for rb_enc_interned_str() in ruby/encoding.h... yes
checking for rb_str_to_interned_str() in ruby.h... yes
checking for rb_hash_new_capa() in ruby.h... yes
checking for rb_hash_bulk_insert() in ruby.h... yes
checking for whether -std=c99 is accepted as CFLAGS... yes
checking for arm_neon.h... yes
checking for cpuid.h... no
creating Makefile

current directory: /Users/gabrielcaixeta/Developer/CAMAAR/vendor/bundle/ruby/3.2.0/gems/json-2.17.1/ext/json/ext/parser
make DESTDIR\= sitearchdir\=./.gem.20251212-57366-z6c93e sitelibdir\=./.gem.20251212-57366-z6c93e clean

current directory: /Users/gabrielcaixeta/Developer/CAMAAR/vendor/bundle/ruby/3.2.0/gems/json-2.17.1/ext/json/ext/parser
make DESTDIR\= sitearchdir\=./.gem.20251212-57366-z6c93e sitelibdir\=./.gem.20251212-57366-z6c93e
compiling parser.c
linking shared-object json/ext/parser.bundle
ld: warning: ignoring duplicate libraries: '-lruby.3.2'

current directory: /Users/gabrielcaixeta/Developer/CAMAAR/vendor/bundle/ruby/3.2.0/gems/json-2.17.1/ext/json/ext/parser
make DESTDIR\= sitearchdir\=./.gem.20251212-57366-z6c93e sitelibdir\=./.gem.20251212-57366-z6c93e install
/usr/bin/install -c -m 0755 parser.bundle ./.gem.20251212-57366-z6c93e/json/ext

current directory: /Users/gabrielcaixeta/Developer/CAMAAR/vendor/bundle/ruby/3.2.0/gems/json-2.17.1/ext/json/ext/parser
make DESTDIR\= sitearchdir\=./.gem.20251212-57366-z6c93e sitelibdir\=./.gem.20251212-57366-z6c93e clean
