current directory: /home/gustavo/Projeto_EngSoft/CAMAAR/vendor/bundle/ruby/3.2.0/gems/websocket-driver-0.8.0/ext/websocket-driver
/home/gustavo/.rbenv/versions/3.2.2/bin/ruby extconf.rb
creating Makefile

current directory: /home/gustavo/Projeto_EngSoft/CAMAAR/vendor/bundle/ruby/3.2.0/gems/websocket-driver-0.8.0/ext/websocket-driver
make DESTDIR\= sitearchdir\=./.gem.20251211-55983-61jvte sitelibdir\=./.gem.20251211-55983-61jvte clean

current directory: /home/gustavo/Projeto_EngSoft/CAMAAR/vendor/bundle/ruby/3.2.0/gems/websocket-driver-0.8.0/ext/websocket-driver
make DESTDIR\= sitearchdir\=./.gem.20251211-55983-61jvte sitelibdir\=./.gem.20251211-55983-61jvte
compiling websocket_mask.c
websocket_mask.c: In function ‘Init_websocket_mask’:
websocket_mask.c:26:6: warning: old-style function definition [-Wold-style-definition]
   26 | void Init_websocket_mask()
      |      ^~~~~~~~~~~~~~~~~~~
websocket_mask.c: At top level:
cc1: warning: unrecognized command line option ‘-Wno-self-assign’
cc1: warning: unrecognized command line option ‘-Wno-parentheses-equality’
cc1: warning: unrecognized command line option ‘-Wno-constant-logical-operand’
linking shared-object websocket_mask.so

current directory: /home/gustavo/Projeto_EngSoft/CAMAAR/vendor/bundle/ruby/3.2.0/gems/websocket-driver-0.8.0/ext/websocket-driver
make DESTDIR\= sitearchdir\=./.gem.20251211-55983-61jvte sitelibdir\=./.gem.20251211-55983-61jvte install
/usr/bin/install -c -m 0755 websocket_mask.so ./.gem.20251211-55983-61jvte

current directory: /home/gustavo/Projeto_EngSoft/CAMAAR/vendor/bundle/ruby/3.2.0/gems/websocket-driver-0.8.0/ext/websocket-driver
make DESTDIR\= sitearchdir\=./.gem.20251211-55983-61jvte sitelibdir\=./.gem.20251211-55983-61jvte clean
