current directory: /Users/gabrielcaixeta/Developer/CAMAAR/vendor/bundle/ruby/3.2.0/gems/date-3.5.1/ext/date
/Users/gabrielcaixeta/.rbenv/versions/3.2.2/bin/ruby extconf.rb
/Users/gabrielcaixeta/.rbenv/versions/3.2.2/bin/ruby: warning: Ruby was built without YJIT support. You may need to install rustc to build Ruby with YJIT.
checking for rb_category_warn()... yes
checking for timezone in time.h with  -Werror... yes
checking for altzone in time.h with  -Werror... no
creating Makefile

current directory: /Users/gabrielcaixeta/Developer/CAMAAR/vendor/bundle/ruby/3.2.0/gems/date-3.5.1/ext/date
make DESTDIR\= sitearchdir\=./.gem.20251214-37987-n3ajhq sitelibdir\=./.gem.20251214-37987-n3ajhq clean

current directory: /Users/gabrielcaixeta/Developer/CAMAAR/vendor/bundle/ruby/3.2.0/gems/date-3.5.1/ext/date
make DESTDIR\= sitearchdir\=./.gem.20251214-37987-n3ajhq sitelibdir\=./.gem.20251214-37987-n3ajhq
compiling date_core.c
compiling date_parse.c
compiling date_strftime.c
compiling date_strptime.c
linking shared-object date_core.bundle
ld: warning: ignoring duplicate libraries: '-lruby.3.2'

current directory: /Users/gabrielcaixeta/Developer/CAMAAR/vendor/bundle/ruby/3.2.0/gems/date-3.5.1/ext/date
make DESTDIR\= sitearchdir\=./.gem.20251214-37987-n3ajhq sitelibdir\=./.gem.20251214-37987-n3ajhq install
/usr/bin/install -c -m 0755 date_core.bundle ./.gem.20251214-37987-n3ajhq

current directory: /Users/gabrielcaixeta/Developer/CAMAAR/vendor/bundle/ruby/3.2.0/gems/date-3.5.1/ext/date
make DESTDIR\= sitearchdir\=./.gem.20251214-37987-n3ajhq sitelibdir\=./.gem.20251214-37987-n3ajhq clean
