Started GET "/" for ::1 at 2025-12-10 15:49:39 -0300
  [1m[35m (0.2ms)[0m  [1m[35mCREATE TABLE "schema_migrations" ("version" varchar NOT NULL PRIMARY KEY) /*application='Camaar'*/[0m
  [1m[35m (0.1ms)[0m  [1m[35mCREATE TABLE "ar_internal_metadata" ("key" varchar NOT NULL PRIMARY KEY, "value" varchar, "created_at" datetime(6) NOT NULL, "updated_at" datetime(6) NOT NULL) /*application='Camaar'*/[0m
  [1m[36mActiveRecord::SchemaMigration Load (0.1ms)[0m  [1m[34mSELECT "schema_migrations"."version" FROM "schema_migrations" ORDER BY "schema_migrations"."version" ASC /*application='Camaar'*/[0m
Processing by HomeController#index as HTML
  Rendering layout layouts/application.html.erb
  Rendering home/index.html.erb within layouts/application
  Rendered home/index.html.erb within layouts/application (Duration: 0.2ms | GC: 0.0ms)
  Rendered layout layouts/application.html.erb (Duration: 6.6ms | GC: 0.3ms)
Completed 200 OK in 41ms (Views: 13.5ms | ActiveRecord: 0.0ms (0 queries, 0 cached) | GC: 1.5ms)


Started GET "/" for ::1 at 2025-12-10 16:08:32 -0300
  [1m[36mActiveRecord::SchemaMigration Load (0.1ms)[0m  [1m[34mSELECT "schema_migrations"."version" FROM "schema_migrations" ORDER BY "schema_migrations"."version" ASC /*application='Camaar'*/[0m
Processing by HomeController#index as HTML
  Rendering layout layouts/application.html.erb
  Rendering home/index.html.erb within layouts/application
  Rendered home/index.html.erb within layouts/application (Duration: 0.5ms | GC: 0.0ms)
  Rendered layout layouts/application.html.erb (Duration: 9.2ms | GC: 0.0ms)
Completed 200 OK in 17ms (Views: 11.0ms | ActiveRecord: 0.0ms (0 queries, 0 cached) | GC: 0.2ms)


Started GET "/contact" for ::1 at 2025-12-10 16:08:35 -0300
Processing by HomeController#contact as HTML
  Rendering layout layouts/application.html.erb
  Rendering home/contact.html.erb within layouts/application
  Rendered home/contact.html.erb within layouts/application (Duration: 0.2ms | GC: 0.0ms)
  Rendered layout layouts/application.html.erb (Duration: 0.7ms | GC: 0.0ms)
Completed 200 OK in 2ms (Views: 1.0ms | ActiveRecord: 0.0ms (0 queries, 0 cached) | GC: 0.0ms)


Started GET "/about" for ::1 at 2025-12-10 16:08:35 -0300
Processing by HomeController#about as HTML
  Rendering layout layouts/application.html.erb
  Rendering home/about.html.erb within layouts/application
  Rendered home/about.html.erb within layouts/application (Duration: 0.2ms | GC: 0.0ms)
  Rendered layout layouts/application.html.erb (Duration: 0.9ms | GC: 0.0ms)
Completed 200 OK in 2ms (Views: 1.2ms | ActiveRecord: 0.0ms (0 queries, 0 cached) | GC: 0.0ms)


Started GET "/contact" for ::1 at 2025-12-10 16:08:37 -0300
Processing by HomeController#contact as HTML
  Rendering layout layouts/application.html.erb
  Rendering home/contact.html.erb within layouts/application
  Rendered home/contact.html.erb within layouts/application (Duration: 0.0ms | GC: 0.0ms)
  Rendered layout layouts/application.html.erb (Duration: 0.7ms | GC: 0.0ms)
Completed 200 OK in 2ms (Views: 1.0ms | ActiveRecord: 0.0ms (0 queries, 0 cached) | GC: 0.0ms)


Started GET "/login" for ::1 at 2025-12-10 16:08:37 -0300
Processing by SessionsController#new as HTML
  Rendering layout layouts/application.html.erb
  Rendering sessions/new.html.erb within layouts/application
  Rendered sessions/new.html.erb within layouts/application (Duration: 5.2ms | GC: 0.0ms)
  Rendered layout layouts/application.html.erb (Duration: 5.7ms | GC: 0.0ms)
Completed 200 OK in 7ms (Views: 6.4ms | ActiveRecord: 0.0ms (0 queries, 0 cached) | GC: 0.0ms)


Started POST "/login" for ::1 at 2025-12-10 16:08:39 -0300
Processing by SessionsController#create as TURBO_STREAM
  Parameters: {"authenticity_token"=>"[FILTERED]", "email_or_matricula"=>"[FILTERED]", "senha"=>"", "commit"=>"Entrar"}
Redirected to http://[::1]:3000/
↳ app/controllers/sessions_controller.rb:8:in `create'
Completed 302 Found in 1ms (ActiveRecord: 0.0ms (0 queries, 0 cached) | GC: 0.0ms)


Started GET "/" for ::1 at 2025-12-10 16:08:39 -0300
Processing by HomeController#index as TURBO_STREAM
  Rendering layout layouts/application.html.erb
  Rendering home/index.html.erb within layouts/application
  Rendered home/index.html.erb within layouts/application (Duration: 0.1ms | GC: 0.0ms)
  Rendered layout layouts/application.html.erb (Duration: 0.5ms | GC: 0.0ms)
Completed 200 OK in 1ms (Views: 0.7ms | ActiveRecord: 0.0ms (0 queries, 0 cached) | GC: 0.0ms)


Started GET "/contact" for ::1 at 2025-12-10 16:08:40 -0300
Processing by HomeController#contact as HTML
  Rendering layout layouts/application.html.erb
  Rendering home/contact.html.erb within layouts/application
  Rendered home/contact.html.erb within layouts/application (Duration: 0.0ms | GC: 0.0ms)
  Rendered layout layouts/application.html.erb (Duration: 0.4ms | GC: 0.0ms)
Completed 200 OK in 1ms (Views: 0.7ms | ActiveRecord: 0.0ms (0 queries, 0 cached) | GC: 0.0ms)


Started GET "/login" for ::1 at 2025-12-10 16:08:40 -0300
Processing by SessionsController#new as HTML
  Rendering layout layouts/application.html.erb
  Rendering sessions/new.html.erb within layouts/application
  Rendered sessions/new.html.erb within layouts/application (Duration: 0.7ms | GC: 0.0ms)
  Rendered layout layouts/application.html.erb (Duration: 0.9ms | GC: 0.0ms)
Completed 200 OK in 2ms (Views: 1.1ms | ActiveRecord: 0.0ms (0 queries, 0 cached) | GC: 0.0ms)


Started POST "/login" for ::1 at 2025-12-10 16:08:41 -0300
Processing by SessionsController#create as TURBO_STREAM
  Parameters: {"authenticity_token"=>"[FILTERED]", "email_or_matricula"=>"[FILTERED]", "senha"=>"", "commit"=>"Entrar"}
Redirected to http://[::1]:3000/
↳ app/controllers/sessions_controller.rb:8:in `create'
Completed 302 Found in 1ms (ActiveRecord: 0.0ms (0 queries, 0 cached) | GC: 0.0ms)


Started GET "/" for ::1 at 2025-12-10 16:08:41 -0300
Processing by HomeController#index as TURBO_STREAM
  Rendering layout layouts/application.html.erb
  Rendering home/index.html.erb within layouts/application
  Rendered home/index.html.erb within layouts/application (Duration: 0.1ms | GC: 0.0ms)
  Rendered layout layouts/application.html.erb (Duration: 0.6ms | GC: 0.0ms)
Completed 200 OK in 1ms (Views: 0.8ms | ActiveRecord: 0.0ms (0 queries, 0 cached) | GC: 0.0ms)


Started GET "/contact" for ::1 at 2025-12-10 16:08:42 -0300
Processing by HomeController#contact as HTML
  Rendering layout layouts/application.html.erb
  Rendering home/contact.html.erb within layouts/application
  Rendered home/contact.html.erb within layouts/application (Duration: 0.0ms | GC: 0.0ms)
  Rendered layout layouts/application.html.erb (Duration: 0.8ms | GC: 0.0ms)
Completed 200 OK in 2ms (Views: 1.1ms | ActiveRecord: 0.0ms (0 queries, 0 cached) | GC: 0.0ms)


Started GET "/contact" for ::1 at 2025-12-10 16:08:44 -0300
Processing by HomeController#contact as HTML
  Rendering layout layouts/application.html.erb
  Rendering home/contact.html.erb within layouts/application
  Rendered home/contact.html.erb within layouts/application (Duration: 0.0ms | GC: 0.0ms)
  Rendered layout layouts/application.html.erb (Duration: 0.7ms | GC: 0.0ms)
Completed 200 OK in 2ms (Views: 1.0ms | ActiveRecord: 0.0ms (0 queries, 0 cached) | GC: 0.0ms)


Started GET "/about" for ::1 at 2025-12-10 16:08:46 -0300
Processing by HomeController#about as HTML
  Rendering layout layouts/application.html.erb
  Rendering home/about.html.erb within layouts/application
  Rendered home/about.html.erb within layouts/application (Duration: 0.0ms | GC: 0.0ms)
  Rendered layout layouts/application.html.erb (Duration: 0.8ms | GC: 0.0ms)
Completed 200 OK in 2ms (Views: 1.2ms | ActiveRecord: 0.0ms (0 queries, 0 cached) | GC: 0.0ms)


Started GET "/login" for ::1 at 2025-12-10 16:08:48 -0300
Processing by SessionsController#new as HTML
  Rendering layout layouts/application.html.erb
  Rendering sessions/new.html.erb within layouts/application
  Rendered sessions/new.html.erb within layouts/application (Duration: 0.8ms | GC: 0.0ms)
  Rendered layout layouts/application.html.erb (Duration: 1.1ms | GC: 0.0ms)
Completed 200 OK in 2ms (Views: 1.3ms | ActiveRecord: 0.0ms (0 queries, 0 cached) | GC: 0.0ms)


Started GET "/login" for ::1 at 2025-12-10 16:08:48 -0300
Processing by SessionsController#new as HTML
  Rendering layout layouts/application.html.erb
  Rendering sessions/new.html.erb within layouts/application
  Rendered sessions/new.html.erb within layouts/application (Duration: 1.0ms | GC: 0.0ms)
  Rendered layout layouts/application.html.erb (Duration: 1.3ms | GC: 0.0ms)
Completed 200 OK in 2ms (Views: 1.6ms | ActiveRecord: 0.0ms (0 queries, 0 cached) | GC: 0.0ms)


  [1m[36mActiveRecord::InternalMetadata Load (0.2ms)[0m  [1m[34mSELECT * FROM "ar_internal_metadata" WHERE "ar_internal_metadata"."key" = 'environment' ORDER BY "ar_internal_metadata"."key" ASC LIMIT 1 /*application='Camaar'*/[0m
  [1m[36mActiveRecord::InternalMetadata Create (0.2ms)[0m  [1m[32mINSERT INTO "ar_internal_metadata" ("key", "value", "created_at", "updated_at") VALUES ('environment', 'development', '2025-12-10 19:20:46.163619', '2025-12-10 19:20:46.163620') RETURNING "key" /*application='Camaar'*/[0m
  [1m[36mActiveRecord::SchemaMigration Load (0.0ms)[0m  [1m[34mSELECT "schema_migrations"."version" FROM "schema_migrations" ORDER BY "schema_migrations"."version" ASC /*application='Camaar'*/[0m
Migrating to CreateTurmas (20251210191846)
  [1m[36mTRANSACTION (0.0ms)[0m  [1m[35mBEGIN immediate TRANSACTION /*application='Camaar'*/[0m
  [1m[35m (0.4ms)[0m  [1m[35mCREATE TABLE "turmas" ("id" integer PRIMARY KEY AUTOINCREMENT NOT NULL, "codigo" varchar NOT NULL, "departamento" varchar NOT NULL, "semestre" varchar, "created_at" datetime(6) NOT NULL, "updated_at" datetime(6) NOT NULL) /*application='Camaar'*/[0m
  [1m[36mActiveRecord::SchemaMigration Create (0.0ms)[0m  [1m[32mINSERT INTO "schema_migrations" ("version") VALUES ('20251210191846') RETURNING "version" /*application='Camaar'*/[0m
  [1m[36mTRANSACTION (0.1ms)[0m  [1m[35mCOMMIT TRANSACTION /*application='Camaar'*/[0m
Migrating to CreateUsers (20251210191859)
  [1m[36mTRANSACTION (0.0ms)[0m  [1m[35mBEGIN immediate TRANSACTION /*application='Camaar'*/[0m
  [1m[35m (2.7ms)[0m  [1m[35mCREATE TABLE "users" ("id" integer PRIMARY KEY AUTOINCREMENT NOT NULL, "nome" varchar, "email" varchar NOT NULL, "matricula" varchar, "senha_digest" varchar, "role" varchar DEFAULT 'aluno', "created_at" datetime(6) NOT NULL, "updated_at" datetime(6) NOT NULL) /*application='Camaar'*/[0m
  [1m[35m (0.1ms)[0m  [1m[35mCREATE UNIQUE INDEX "index_users_on_email" ON "users" ("email") /*application='Camaar'*/[0m
  [1m[35m (0.1ms)[0m  [1m[35mCREATE UNIQUE INDEX "index_users_on_matricula" ON "users" ("matricula") /*application='Camaar'*/[0m
  [1m[36mActiveRecord::SchemaMigration Create (0.1ms)[0m  [1m[32mINSERT INTO "schema_migrations" ("version") VALUES ('20251210191859') RETURNING "version" /*application='Camaar'*/[0m
  [1m[36mTRANSACTION (0.1ms)[0m  [1m[35mCOMMIT TRANSACTION /*application='Camaar'*/[0m
Migrating to CreateTemplates (20251210191900)
  [1m[36mTRANSACTION (0.0ms)[0m  [1m[35mBEGIN immediate TRANSACTION /*application='Camaar'*/[0m
  [1m[35m (0.7ms)[0m  [1m[35mCREATE TABLE "templates" ("id" integer PRIMARY KEY AUTOINCREMENT NOT NULL, "nome" varchar NOT NULL, "descricao" text, "created_at" datetime(6) NOT NULL, "updated_at" datetime(6) NOT NULL) /*application='Camaar'*/[0m
  [1m[36mActiveRecord::SchemaMigration Create (0.1ms)[0m  [1m[32mINSERT INTO "schema_migrations" ("version") VALUES ('20251210191900') RETURNING "version" /*application='Camaar'*/[0m
  [1m[36mTRANSACTION (0.0ms)[0m  [1m[35mCOMMIT TRANSACTION /*application='Camaar'*/[0m
Migrating to CreateQuestions (20251210191901)
  [1m[36mTRANSACTION (0.0ms)[0m  [1m[35mBEGIN immediate TRANSACTION /*application='Camaar'*/[0m
  [1m[35m (0.4ms)[0m  [1m[35mCREATE TABLE "questions" ("id" integer PRIMARY KEY AUTOINCREMENT NOT NULL, "template_id" integer NOT NULL, "texto" varchar NOT NULL, "tipo" varchar DEFAULT 'texto', "created_at" datetime(6) NOT NULL, "updated_at" datetime(6) NOT NULL, CONSTRAINT "fk_rails_1f469ddcb8"
FOREIGN KEY ("template_id")
  REFERENCES "templates" ("id")
) /*application='Camaar'*/[0m
  [1m[35m (0.0ms)[0m  [1m[35mCREATE INDEX "index_questions_on_template_id" ON "questions" ("template_id") /*application='Camaar'*/[0m
  [1m[36mActiveRecord::SchemaMigration Create (0.1ms)[0m  [1m[32mINSERT INTO "schema_migrations" ("version") VALUES ('20251210191901') RETURNING "version" /*application='Camaar'*/[0m
  [1m[36mTRANSACTION (0.1ms)[0m  [1m[35mCOMMIT TRANSACTION /*application='Camaar'*/[0m
Migrating to CreateFormularios (20251210191902)
  [1m[36mTRANSACTION (0.0ms)[0m  [1m[35mBEGIN immediate TRANSACTION /*application='Camaar'*/[0m
  [1m[35m (0.4ms)[0m  [1m[35mCREATE TABLE "formularios" ("id" integer PRIMARY KEY AUTOINCREMENT NOT NULL, "template_id" integer NOT NULL, "turma_id" integer NOT NULL, "publico_alvo" varchar, "status" varchar DEFAULT 'aberto', "created_at" datetime(6) NOT NULL, "updated_at" datetime(6) NOT NULL, CONSTRAINT "fk_rails_93cfa19b36"
FOREIGN KEY ("template_id")
  REFERENCES "templates" ("id")
, CONSTRAINT "fk_rails_5a2be0c3c1"
FOREIGN KEY ("turma_id")
  REFERENCES "turmas" ("id")
) /*application='Camaar'*/[0m
  [1m[35m (0.0ms)[0m  [1m[35mCREATE INDEX "index_formularios_on_template_id" ON "formularios" ("template_id") /*application='Camaar'*/[0m
  [1m[35m (0.0ms)[0m  [1m[35mCREATE INDEX "index_formularios_on_turma_id" ON "formularios" ("turma_id") /*application='Camaar'*/[0m
  [1m[36mActiveRecord::SchemaMigration Create (0.0ms)[0m  [1m[32mINSERT INTO "schema_migrations" ("version") VALUES ('20251210191902') RETURNING "version" /*application='Camaar'*/[0m
  [1m[36mTRANSACTION (0.1ms)[0m  [1m[35mCOMMIT TRANSACTION /*application='Camaar'*/[0m
Migrating to CreateRespostas (20251210191903)
  [1m[36mTRANSACTION (0.0ms)[0m  [1m[35mBEGIN immediate TRANSACTION /*application='Camaar'*/[0m
  [1m[35m (0.7ms)[0m  [1m[35mCREATE TABLE "respostas" ("id" integer PRIMARY KEY AUTOINCREMENT NOT NULL, "formulario_id" integer NOT NULL, "question_id" integer NOT NULL, "user_id" integer NOT NULL, "valor" text, "created_at" datetime(6) NOT NULL, "updated_at" datetime(6) NOT NULL, CONSTRAINT "fk_rails_bd8b529c1e"
FOREIGN KEY ("formulario_id")
  REFERENCES "formularios" ("id")
, CONSTRAINT "fk_rails_f1d51c38ed"
FOREIGN KEY ("question_id")
  REFERENCES "questions" ("id")
, CONSTRAINT "fk_rails_e29282f6b1"
FOREIGN KEY ("user_id")
  REFERENCES "users" ("id")
) /*application='Camaar'*/[0m
  [1m[35m (0.0ms)[0m  [1m[35mCREATE INDEX "index_respostas_on_formulario_id" ON "respostas" ("formulario_id") /*application='Camaar'*/[0m
  [1m[35m (0.0ms)[0m  [1m[35mCREATE INDEX "index_respostas_on_question_id" ON "respostas" ("question_id") /*application='Camaar'*/[0m
  [1m[35m (0.0ms)[0m  [1m[35mCREATE INDEX "index_respostas_on_user_id" ON "respostas" ("user_id") /*application='Camaar'*/[0m
  [1m[36mActiveRecord::SchemaMigration Create (0.0ms)[0m  [1m[32mINSERT INTO "schema_migrations" ("version") VALUES ('20251210191903') RETURNING "version" /*application='Camaar'*/[0m
  [1m[36mTRANSACTION (0.1ms)[0m  [1m[35mCOMMIT TRANSACTION /*application='Camaar'*/[0m
Migrating to CreateResetTokens (20251210191904)
  [1m[36mTRANSACTION (0.1ms)[0m  [1m[35mBEGIN immediate TRANSACTION /*application='Camaar'*/[0m
  [1m[35m (0.5ms)[0m  [1m[35mCREATE TABLE "reset_tokens" ("id" integer PRIMARY KEY AUTOINCREMENT NOT NULL, "user_id" integer NOT NULL, "token" varchar NOT NULL, "expira_em" datetime(6), "created_at" datetime(6) NOT NULL, "updated_at" datetime(6) NOT NULL, CONSTRAINT "fk_rails_0164532167"
FOREIGN KEY ("user_id")
  REFERENCES "users" ("id")
) /*application='Camaar'*/[0m
  [1m[35m (0.0ms)[0m  [1m[35mCREATE INDEX "index_reset_tokens_on_user_id" ON "reset_tokens" ("user_id") /*application='Camaar'*/[0m
  [1m[35m (0.0ms)[0m  [1m[35mCREATE UNIQUE INDEX "index_reset_tokens_on_token" ON "reset_tokens" ("token") /*application='Camaar'*/[0m
  [1m[36mActiveRecord::SchemaMigration Create (0.0ms)[0m  [1m[32mINSERT INTO "schema_migrations" ("version") VALUES ('20251210191904') RETURNING "version" /*application='Camaar'*/[0m
  [1m[36mTRANSACTION (0.1ms)[0m  [1m[35mCOMMIT TRANSACTION /*application='Camaar'*/[0m
Migrating to CreateImportLogs (20251210191905)
  [1m[36mTRANSACTION (0.0ms)[0m  [1m[35mBEGIN immediate TRANSACTION /*application='Camaar'*/[0m
  [1m[35m (0.4ms)[0m  [1m[35mCREATE TABLE "import_logs" ("id" integer PRIMARY KEY AUTOINCREMENT NOT NULL, "arquivo" varchar, "novos_registros" integer, "registros_existentes" integer, "mensagem" text, "created_at" datetime(6) NOT NULL, "updated_at" datetime(6) NOT NULL) /*application='Camaar'*/[0m
  [1m[36mActiveRecord::SchemaMigration Create (0.0ms)[0m  [1m[32mINSERT INTO "schema_migrations" ("version") VALUES ('20251210191905') RETURNING "version" /*application='Camaar'*/[0m
  [1m[36mTRANSACTION (0.1ms)[0m  [1m[35mCOMMIT TRANSACTION /*application='Camaar'*/[0m
  [1m[36mActiveRecord::SchemaMigration Load (0.0ms)[0m  [1m[34mSELECT "schema_migrations"."version" FROM "schema_migrations" ORDER BY "schema_migrations"."version" ASC /*application='Camaar'*/[0m
Started GET "/" for 127.0.0.1 at 2025-12-10 16:21:21 -0300
  [1m[36mActiveRecord::SchemaMigration Load (0.1ms)[0m  [1m[34mSELECT "schema_migrations"."version" FROM "schema_migrations" ORDER BY "schema_migrations"."version" ASC /*application='Camaar'*/[0m
Processing by HomeController#index as HTML
  Rendering layout layouts/application.html.erb
  Rendering home/index.html.erb within layouts/application
  Rendered home/index.html.erb within layouts/application (Duration: 0.6ms | GC: 0.0ms)
  Rendered layout layouts/application.html.erb (Duration: 6.7ms | GC: 0.0ms)
Completed 200 OK in 17ms (Views: 8.7ms | ActiveRecord: 0.0ms (0 queries, 0 cached) | GC: 0.1ms)


Started GET "/contact" for 127.0.0.1 at 2025-12-10 16:21:22 -0300
Processing by HomeController#contact as HTML
  Rendering layout layouts/application.html.erb
  Rendering home/contact.html.erb within layouts/application
  Rendered home/contact.html.erb within layouts/application (Duration: 0.2ms | GC: 0.0ms)
  Rendered layout layouts/application.html.erb (Duration: 2.1ms | GC: 0.0ms)
Completed 200 OK in 3ms (Views: 2.5ms | ActiveRecord: 0.0ms (0 queries, 0 cached) | GC: 0.0ms)


Started GET "/login" for 127.0.0.1 at 2025-12-10 16:21:23 -0300
Processing by SessionsController#new as HTML
  Rendering layout layouts/application.html.erb
  Rendering sessions/new.html.erb within layouts/application
  Rendered sessions/new.html.erb within layouts/application (Duration: 2.9ms | GC: 0.0ms)
  Rendered layout layouts/application.html.erb (Duration: 3.4ms | GC: 0.0ms)
Completed 200 OK in 5ms (Views: 4.1ms | ActiveRecord: 0.0ms (0 queries, 0 cached) | GC: 0.0ms)


Started GET "/contact" for 127.0.0.1 at 2025-12-10 16:21:23 -0300
Processing by HomeController#contact as HTML
  Rendering layout layouts/application.html.erb
  Rendering home/contact.html.erb within layouts/application
  Rendered home/contact.html.erb within layouts/application (Duration: 0.0ms | GC: 0.0ms)
  Rendered layout layouts/application.html.erb (Duration: 0.5ms | GC: 0.0ms)
Completed 200 OK in 1ms (Views: 0.7ms | ActiveRecord: 0.0ms (0 queries, 0 cached) | GC: 0.0ms)


Started GET "/about" for 127.0.0.1 at 2025-12-10 16:21:25 -0300
Processing by HomeController#about as HTML
  Rendering layout layouts/application.html.erb
  Rendering home/about.html.erb within layouts/application
  Rendered home/about.html.erb within layouts/application (Duration: 0.1ms | GC: 0.0ms)
  Rendered layout layouts/application.html.erb (Duration: 0.5ms | GC: 0.0ms)
Completed 200 OK in 1ms (Views: 0.7ms | ActiveRecord: 0.0ms (0 queries, 0 cached) | GC: 0.0ms)


Started GET "/login" for 127.0.0.1 at 2025-12-10 16:21:27 -0300
Processing by SessionsController#new as HTML
  Rendering layout layouts/application.html.erb
  Rendering sessions/new.html.erb within layouts/application
  Rendered sessions/new.html.erb within layouts/application (Duration: 0.8ms | GC: 0.0ms)
  Rendered layout layouts/application.html.erb (Duration: 1.1ms | GC: 0.0ms)
Completed 200 OK in 2ms (Views: 1.3ms | ActiveRecord: 0.0ms (0 queries, 0 cached) | GC: 0.0ms)


Started GET "/" for ::1 at 2025-12-10 16:21:45 -0300
Processing by HomeController#index as HTML
  Rendering layout layouts/application.html.erb
  Rendering home/index.html.erb within layouts/application
  Rendered home/index.html.erb within layouts/application (Duration: 0.5ms | GC: 0.0ms)
  Rendered layout layouts/application.html.erb (Duration: 1.6ms | GC: 0.0ms)
Completed 200 OK in 4ms (Views: 2.2ms | ActiveRecord: 0.0ms (0 queries, 0 cached) | GC: 0.0ms)


Started GET "/login" for ::1 at 2025-12-10 16:21:47 -0300
Processing by SessionsController#new as HTML
  Rendering layout layouts/application.html.erb
  Rendering sessions/new.html.erb within layouts/application
  Rendered sessions/new.html.erb within layouts/application (Duration: 0.9ms | GC: 0.0ms)
  Rendered layout layouts/application.html.erb (Duration: 1.3ms | GC: 0.0ms)
Completed 200 OK in 2ms (Views: 1.5ms | ActiveRecord: 0.0ms (0 queries, 0 cached) | GC: 0.0ms)


Started GET "/contact" for ::1 at 2025-12-10 16:21:50 -0300
Processing by HomeController#contact as HTML
  Rendering layout layouts/application.html.erb
  Rendering home/contact.html.erb within layouts/application
  Rendered home/contact.html.erb within layouts/application (Duration: 0.0ms | GC: 0.0ms)
  Rendered layout layouts/application.html.erb (Duration: 0.7ms | GC: 0.0ms)
Completed 200 OK in 2ms (Views: 1.1ms | ActiveRecord: 0.0ms (0 queries, 0 cached) | GC: 0.0ms)


Started GET "/about/" for ::1 at 2025-12-10 16:21:52 -0300
Processing by HomeController#about as HTML
  Rendering layout layouts/application.html.erb
  Rendering home/about.html.erb within layouts/application
  Rendered home/about.html.erb within layouts/application (Duration: 0.0ms | GC: 0.0ms)
  Rendered layout layouts/application.html.erb (Duration: 0.6ms | GC: 0.0ms)
Completed 200 OK in 2ms (Views: 0.9ms | ActiveRecord: 0.0ms (0 queries, 0 cached) | GC: 0.0ms)


Started GET "/contact" for ::1 at 2025-12-10 16:21:54 -0300
Processing by HomeController#contact as HTML
  Rendering layout layouts/application.html.erb
  Rendering home/contact.html.erb within layouts/application
  Rendered home/contact.html.erb within layouts/application (Duration: 0.0ms | GC: 0.0ms)
  Rendered layout layouts/application.html.erb (Duration: 0.6ms | GC: 0.0ms)
Completed 200 OK in 1ms (Views: 0.8ms | ActiveRecord: 0.0ms (0 queries, 0 cached) | GC: 0.0ms)


Started GET "/dashboard" for ::1 at 2025-12-10 16:22:02 -0300
  
ActionController::RoutingError (No route matches [GET] "/dashboard"):
  
Started GET "/favicon.ico" for ::1 at 2025-12-10 16:22:02 -0300
  
ActionController::RoutingError (No route matches [GET] "/favicon.ico"):
  
Started GET "/contact" for ::1 at 2025-12-10 16:22:07 -0300
Processing by HomeController#contact as HTML
  Rendering layout layouts/application.html.erb
  Rendering home/contact.html.erb within layouts/application
  Rendered home/contact.html.erb within layouts/application (Duration: 0.0ms | GC: 0.0ms)
  Rendered layout layouts/application.html.erb (Duration: 0.9ms | GC: 0.0ms)
Completed 200 OK in 2ms (Views: 1.3ms | ActiveRecord: 0.0ms (0 queries, 0 cached) | GC: 0.0ms)


