current directory: /home/gustavo/Projeto_EngSoft/CAMAAR/vendor/bundle/ruby/3.2.0/gems/psych-5.3.0/ext/psych
/home/gustavo/.rbenv/versions/3.2.2/bin/ruby extconf.rb
checking for yaml.h... yes
checking for yaml_get_version() in -lyaml... yes
creating Makefile

current directory: /home/gustavo/Projeto_EngSoft/CAMAAR/vendor/bundle/ruby/3.2.0/gems/psych-5.3.0/ext/psych
make DESTDIR\= sitearchdir\=./.gem.20251211-55983-n357uq sitelibdir\=./.gem.20251211-55983-n357uq clean
cd libyaml && make clean
/bin/sh: 1: cd: can't cd to libyaml
make: [Makefile:283: clean-so] Error 2 (ignored)

current directory: /home/gustavo/Projeto_EngSoft/CAMAAR/vendor/bundle/ruby/3.2.0/gems/psych-5.3.0/ext/psych
make DESTDIR\= sitearchdir\=./.gem.20251211-55983-n357uq sitelibdir\=./.gem.20251211-55983-n357uq
compiling psych.c
compiling psych_emitter.c
compiling psych_parser.c
compiling psych_to_ruby.c
compiling psych_yaml_tree.c
linking shared-object psych.so

current directory: /home/gustavo/Projeto_EngSoft/CAMAAR/vendor/bundle/ruby/3.2.0/gems/psych-5.3.0/ext/psych
make DESTDIR\= sitearchdir\=./.gem.20251211-55983-n357uq sitelibdir\=./.gem.20251211-55983-n357uq install
/usr/bin/install -c -m 0755 psych.so ./.gem.20251211-55983-n357uq

current directory: /home/gustavo/Projeto_EngSoft/CAMAAR/vendor/bundle/ruby/3.2.0/gems/psych-5.3.0/ext/psych
make DESTDIR\= sitearchdir\=./.gem.20251211-55983-n357uq sitelibdir\=./.gem.20251211-55983-n357uq clean
cd libyaml && make clean
/bin/sh: 1: cd: can't cd to libyaml
make: [Makefile:283: clean-so] Error 2 (ignored)
