current directory: /Users/gabrielcaixeta/Developer/CAMAAR/vendor/bundle/ruby/3.3.0/gems/rbs-3.9.5/ext/rbs_extension
/Users/gabrielcaixeta/.rbenv/versions/3.3.5/bin/ruby extconf.rb
checking for whether -std=gnu99 is accepted as CFLAGS... yes
creating Makefile

current directory: /Users/gabrielcaixeta/Developer/CAMAAR/vendor/bundle/ruby/3.3.0/gems/rbs-3.9.5/ext/rbs_extension
make DESTDIR\= sitearchdir\=./.gem.20251211-93146-4tv5e7 sitelibdir\=./.gem.20251211-93146-4tv5e7 clean

current directory: /Users/gabrielcaixeta/Developer/CAMAAR/vendor/bundle/ruby/3.3.0/gems/rbs-3.9.5/ext/rbs_extension
make DESTDIR\= sitearchdir\=./.gem.20251211-93146-4tv5e7 sitelibdir\=./.gem.20251211-93146-4tv5e7
compiling ./../../src/constants.c
compiling ./../../src/ruby_objs.c
compiling ./../../src/util/rbs_constant_pool.c
compiling lexer.c
compiling lexstate.c
compiling location.c
compiling main.c
compiling parser.c
compiling parserstate.c
compiling unescape.c
linking shared-object rbs_extension.bundle

current directory: /Users/gabrielcaixeta/Developer/CAMAAR/vendor/bundle/ruby/3.3.0/gems/rbs-3.9.5/ext/rbs_extension
make DESTDIR\= sitearchdir\=./.gem.20251211-93146-4tv5e7 sitelibdir\=./.gem.20251211-93146-4tv5e7 install
/usr/bin/install -c -m 0755 rbs_extension.bundle ./.gem.20251211-93146-4tv5e7

current directory: /Users/gabrielcaixeta/Developer/CAMAAR/vendor/bundle/ruby/3.3.0/gems/rbs-3.9.5/ext/rbs_extension
make DESTDIR\= sitearchdir\=./.gem.20251211-93146-4tv5e7 sitelibdir\=./.gem.20251211-93146-4tv5e7 clean
