current directory: /home/gustavo/Projeto_EngSoft/CAMAAR/vendor/bundle/ruby/3.3.0/gems/date-3.5.1/ext/date
/home/gustavo/.rbenv/versions/3.3.5/bin/ruby extconf.rb
checking for rb_category_warn()... yes
checking for timezone in time.h with  -Werror... yes
checking for altzone in time.h with  -Werror... no
creating Makefile

current directory: /home/gustavo/Projeto_EngSoft/CAMAAR/vendor/bundle/ruby/3.3.0/gems/date-3.5.1/ext/date
make DESTDIR\= sitearchdir\=./.gem.20251214-30651-frs2su sitelibdir\=./.gem.20251214-30651-frs2su clean

current directory: /home/gustavo/Projeto_EngSoft/CAMAAR/vendor/bundle/ruby/3.3.0/gems/date-3.5.1/ext/date
make DESTDIR\= sitearchdir\=./.gem.20251214-30651-frs2su sitelibdir\=./.gem.20251214-30651-frs2su
compiling date_core.c
compiling date_parse.c
compiling date_strftime.c
compiling date_strptime.c
linking shared-object date_core.so

current directory: /home/gustavo/Projeto_EngSoft/CAMAAR/vendor/bundle/ruby/3.3.0/gems/date-3.5.1/ext/date
make DESTDIR\= sitearchdir\=./.gem.20251214-30651-frs2su sitelibdir\=./.gem.20251214-30651-frs2su install
/usr/bin/install -c -m 0755 date_core.so ./.gem.20251214-30651-frs2su

current directory: /home/gustavo/Projeto_EngSoft/CAMAAR/vendor/bundle/ruby/3.3.0/gems/date-3.5.1/ext/date
make DESTDIR\= sitearchdir\=./.gem.20251214-30651-frs2su sitelibdir\=./.gem.20251214-30651-frs2su clean
