current directory: /Users/gabrielcaixeta/Developer/CAMAAR/vendor/bundle/ruby/3.2.0/gems/io-console-0.8.1/ext/io/console
/Users/gabrielcaixeta/.rbenv/versions/3.2.2/bin/ruby extconf.rb
checking for rb_syserr_fail_str(0, Qnil)... yes
checking for rb_interned_str_cstr()... yes
checking for rb_io_path() in ruby/io.h... no
checking for rb_io_descriptor() in ruby/io.h... yes
checking for rb_io_get_write_io() in ruby/io.h... yes
checking for rb_io_closed_p() in ruby/io.h... no
checking for rb_io_open_descriptor() in ruby/io.h... no
checking for rb_ractor_local_storage_value_newkey()... yes
checking for termios.h... yes
checking for cfmakeraw() in termios.h... yes
checking for sys/ioctl.h... yes
checking for HAVE_RUBY_FIBER_SCHEDULER_H... yes
checking for ttyname_r()... yes
creating Makefile

current directory: /Users/gabrielcaixeta/Developer/CAMAAR/vendor/bundle/ruby/3.2.0/gems/io-console-0.8.1/ext/io/console
make DESTDIR\= sitearchdir\=./.gem.20251212-57366-qnuthx sitelibdir\=./.gem.20251212-57366-qnuthx clean

current directory: /Users/gabrielcaixeta/Developer/CAMAAR/vendor/bundle/ruby/3.2.0/gems/io-console-0.8.1/ext/io/console
make DESTDIR\= sitearchdir\=./.gem.20251212-57366-qnuthx sitelibdir\=./.gem.20251212-57366-qnuthx
compiling console.c
linking shared-object io/console.bundle
ld: warning: ignoring duplicate libraries: '-lruby.3.2'

current directory: /Users/gabrielcaixeta/Developer/CAMAAR/vendor/bundle/ruby/3.2.0/gems/io-console-0.8.1/ext/io/console
make DESTDIR\= sitearchdir\=./.gem.20251212-57366-qnuthx sitelibdir\=./.gem.20251212-57366-qnuthx install
/usr/bin/install -c -m 0755 console.bundle ./.gem.20251212-57366-qnuthx/io

current directory: /Users/gabrielcaixeta/Developer/CAMAAR/vendor/bundle/ruby/3.2.0/gems/io-console-0.8.1/ext/io/console
make DESTDIR\= sitearchdir\=./.gem.20251212-57366-qnuthx sitelibdir\=./.gem.20251212-57366-qnuthx clean
