current directory: /Users/gabrielcaixeta/Developer/CAMAAR/vendor/bundle/ruby/3.3.0/gems/psych-5.3.0/ext/psych
/Users/gabrielcaixeta/.rbenv/versions/3.3.5/bin/ruby extconf.rb
checking for pkg-config for yaml-0.1... ["-I/opt/homebrew/Cellar/libyaml/0.2.5/include ", "-L/opt/homebrew/Cellar/libyaml/0.2.5/lib", "-lyaml"]
creating Makefile

current directory: /Users/gabrielcaixeta/Developer/CAMAAR/vendor/bundle/ruby/3.3.0/gems/psych-5.3.0/ext/psych
make DESTDIR\= sitearchdir\=./.gem.20251210-92757-9u5ed5 sitelibdir\=./.gem.20251210-92757-9u5ed5 clean
cd libyaml && /Applications/Xcode.app/Contents/Developer/usr/bin/make clean
/bin/sh: line 0: cd: libyaml: No such file or directory
make: [clean-so] Error 1 (ignored)

current directory: /Users/gabrielcaixeta/Developer/CAMAAR/vendor/bundle/ruby/3.3.0/gems/psych-5.3.0/ext/psych
make DESTDIR\= sitearchdir\=./.gem.20251210-92757-9u5ed5 sitelibdir\=./.gem.20251210-92757-9u5ed5
compiling psych.c
compiling psych_emitter.c
compiling psych_parser.c
compiling psych_to_ruby.c
compiling psych_yaml_tree.c
linking shared-object psych.bundle

current directory: /Users/gabrielcaixeta/Developer/CAMAAR/vendor/bundle/ruby/3.3.0/gems/psych-5.3.0/ext/psych
make DESTDIR\= sitearchdir\=./.gem.20251210-92757-9u5ed5 sitelibdir\=./.gem.20251210-92757-9u5ed5 install
/usr/bin/install -c -m 0755 psych.bundle ./.gem.20251210-92757-9u5ed5

current directory: /Users/gabrielcaixeta/Developer/CAMAAR/vendor/bundle/ruby/3.3.0/gems/psych-5.3.0/ext/psych
make DESTDIR\= sitearchdir\=./.gem.20251210-92757-9u5ed5 sitelibdir\=./.gem.20251210-92757-9u5ed5 clean
cd libyaml && /Applications/Xcode.app/Contents/Developer/usr/bin/make clean
/bin/sh: line 0: cd: libyaml: No such file or directory
make: [clean-so] Error 1 (ignored)
