current directory: /Users/gabrielcaixeta/Developer/CAMAAR/vendor/bundle/ruby/3.2.0/gems/psych-5.3.0/ext/psych
/Users/gabrielcaixeta/.rbenv/versions/3.2.2/bin/ruby extconf.rb
/Users/gabrielcaixeta/.rbenv/versions/3.2.2/bin/ruby: warning: Ruby was built without YJIT support. You may need to install rustc to build Ruby with YJIT.
creating Makefile

current directory: /Users/gabrielcaixeta/Developer/CAMAAR/vendor/bundle/ruby/3.2.0/gems/psych-5.3.0/ext/psych
make DESTDIR\= sitearchdir\=./.gem.20251214-37987-iytt43 sitelibdir\=./.gem.20251214-37987-iytt43 clean
cd libyaml && /Applications/Xcode.app/Contents/Developer/usr/bin/make clean
/bin/sh: line 0: cd: libyaml: No such file or directory
make: [clean-so] Error 1 (ignored)

current directory: /Users/gabrielcaixeta/Developer/CAMAAR/vendor/bundle/ruby/3.2.0/gems/psych-5.3.0/ext/psych
make DESTDIR\= sitearchdir\=./.gem.20251214-37987-iytt43 sitelibdir\=./.gem.20251214-37987-iytt43
compiling psych.c
compiling psych_emitter.c
compiling psych_parser.c
compiling psych_to_ruby.c
compiling psych_yaml_tree.c
linking shared-object psych.bundle
ld: warning: ignoring duplicate libraries: '-lruby.3.2'

current directory: /Users/gabrielcaixeta/Developer/CAMAAR/vendor/bundle/ruby/3.2.0/gems/psych-5.3.0/ext/psych
make DESTDIR\= sitearchdir\=./.gem.20251214-37987-iytt43 sitelibdir\=./.gem.20251214-37987-iytt43 install
/usr/bin/install -c -m 0755 psych.bundle ./.gem.20251214-37987-iytt43

current directory: /Users/gabrielcaixeta/Developer/CAMAAR/vendor/bundle/ruby/3.2.0/gems/psych-5.3.0/ext/psych
make DESTDIR\= sitearchdir\=./.gem.20251214-37987-iytt43 sitelibdir\=./.gem.20251214-37987-iytt43 clean
cd libyaml && /Applications/Xcode.app/Contents/Developer/usr/bin/make clean
/bin/sh: line 0: cd: libyaml: No such file or directory
make: [clean-so] Error 1 (ignored)
