current directory: /home/gustavo/Projeto_EngSoft/CAMAAR/vendor/bundle/ruby/3.3.0/gems/bcrypt_pbkdf-1.1.2/ext/mri
/home/gustavo/.rbenv/versions/3.3.5/bin/ruby extconf.rb
creating Makefile

current directory: /home/gustavo/Projeto_EngSoft/CAMAAR/vendor/bundle/ruby/3.3.0/gems/bcrypt_pbkdf-1.1.2/ext/mri
make DESTDIR\= sitearchdir\=./.gem.20251214-30651-aau8bg sitelibdir\=./.gem.20251214-30651-aau8bg clean

current directory: /home/gustavo/Projeto_EngSoft/CAMAAR/vendor/bundle/ruby/3.3.0/gems/bcrypt_pbkdf-1.1.2/ext/mri
make DESTDIR\= sitearchdir\=./.gem.20251214-30651-aau8bg sitelibdir\=./.gem.20251214-30651-aau8bg
compiling bcrypt_pbkdf.c
compiling bcrypt_pbkdf_ext.c
bcrypt_pbkdf_ext.c: In function ‘Init_bcrypt_pbkdf_ext’:
bcrypt_pbkdf_ext.c:38:6: warning: old-style function definition [-Wold-style-definition]
   38 | void Init_bcrypt_pbkdf_ext(){
      |      ^~~~~~~~~~~~~~~~~~~~~
bcrypt_pbkdf_ext.c: At top level:
cc1: warning: unrecognized command line option ‘-Wno-self-assign’
cc1: warning: unrecognized command line option ‘-Wno-parentheses-equality’
cc1: warning: unrecognized command line option ‘-Wno-constant-logical-operand’
compiling blowfish.c
compiling explicit_bzero.c
compiling hash_sha512.c
linking shared-object bcrypt_pbkdf_ext.so

current directory: /home/gustavo/Projeto_EngSoft/CAMAAR/vendor/bundle/ruby/3.3.0/gems/bcrypt_pbkdf-1.1.2/ext/mri
make DESTDIR\= sitearchdir\=./.gem.20251214-30651-aau8bg sitelibdir\=./.gem.20251214-30651-aau8bg install
/usr/bin/install -c -m 0755 bcrypt_pbkdf_ext.so ./.gem.20251214-30651-aau8bg

current directory: /home/gustavo/Projeto_EngSoft/CAMAAR/vendor/bundle/ruby/3.3.0/gems/bcrypt_pbkdf-1.1.2/ext/mri
make DESTDIR\= sitearchdir\=./.gem.20251214-30651-aau8bg sitelibdir\=./.gem.20251214-30651-aau8bg clean
